
> frontend@0.1.0 dev
> next dev

▲ Next.js 16.2.4 (Turbopack)
- Local:         http://localhost:3000
- Network:       http://192.168.0.2:3000
✓ Ready in 539ms

○ Compiling / ...
 GET / 200 in 6.7s (next.js: 6.2s, application-code: 532ms)
[browser] A tree hydrated but some attributes of the server rendered HTML didn't match the client properties. This won't be patched up. This can happen if a SSR-ed Client Component used:

- A server/client branch `if (typeof window !== 'undefined')`.
- Variable input such as `Date.now()` or `Math.random()` which changes each time it's called.
- Date formatting in a user's locale which doesn't match the server.
- External changing data without sending a snapshot of it along with the HTML.
- Invalid HTML tag nesting.

It can also happen if the client has a browser extension installed which messes with the HTML before React loaded.

https://react.dev/link/hydration-mismatch

  ...
    <div className="min-h-scre...">
      <div>
      <header>
      <main className="pt-24 pb-1...">
        <div className="max-w-4xl ...">
          <AnimatePresence mode="wait">
            <PresenceChild isPresent={true} initial={undefined} custom={undefined} presenceAffectsLayout={true} ...>
              <PopChild pop={false} isPresent={true} anchorX="left" anchorY="top" root={undefined}>
                <PopChildMeasure isPresent={true} childRef={{current:null}} sizeRef={{...}} pop={false}>
                  <motion.div initial={{opacity:0,y:20}} animate={{opacity:1,y:0}} exit={{opacity:0,y:-20}} ...>
                    <div style={{opacity:0, ...}} ref={function useMotionRef.useCallback}>
                      <div className="space-y-12">
                        <section>
                        <section className="glass roun...">
                          <div>
                          <div className="space-y-4">
                            <textarea
                              className="w-full h-40 bg-background/50 border border-border rounded-2xl p-4 focus:ring-..."
                              placeholder="Exemple: Une application qui permet de louer des outils de bricolage entre ..."
                              value=""
                              onChange={function onChange}
-                             style={{caret-color:"transparent"}}
                            >
                            ...
                        ...
      ...

[browser] Failed to fetch questions TypeError: Failed to fetch
    at fetchQuestions (src/components/QuestionTunnel.tsx:28:30)
    at QuestionTunnel.useEffect (src/components/QuestionTunnel.tsx:50:5)
  26 |     setLoading(true);
  27 |     try {
> 28 |       const response = await fetch('http://localhost:8000/api/validate/questions', {
     |                              ^
  29 |         method: 'POST',
  30 |         headers: { 'Content-Type': 'application/json' },
  31 |         body: JSON.stringify({ idea, previous_answers: prevAnswers }), (src/components/QuestionTunnel.tsx:43:15)
[browser] Failed to fetch questions TypeError: Failed to fetch
    at fetchQuestions (src/components/QuestionTunnel.tsx:28:30)
    at QuestionTunnel.useEffect (src/components/QuestionTunnel.tsx:50:5)
  26 |     setLoading(true);
  27 |     try {
> 28 |       const response = await fetch('http://localhost:8000/api/validate/questions', {
     |                              ^
  29 |         method: 'POST',
  30 |         headers: { 'Content-Type': 'application/json' },
  31 |         body: JSON.stringify({ idea, previous_answers: prevAnswers }), (src/components/QuestionTunnel.tsx:43:15)
 GET / 200 in 80ms (next.js: 6ms, application-code: 75ms)
[browser] Failed to fetch questions TypeError: Failed to fetch
    at fetchQuestions (src/components/QuestionTunnel.tsx:28:30)
    at QuestionTunnel.useEffect (src/components/QuestionTunnel.tsx:50:5)
  26 |     setLoading(true);
  27 |     try {
> 28 |       const response = await fetch('http://localhost:8000/api/validate/questions', {
     |                              ^
  29 |         method: 'POST',
  30 |         headers: { 'Content-Type': 'application/json' },
  31 |         body: JSON.stringify({ idea, previous_answers: prevAnswers }), (src/components/QuestionTunnel.tsx:43:15)
[browser] Failed to fetch questions TypeError: Failed to fetch
    at fetchQuestions (src/components/QuestionTunnel.tsx:28:30)
    at QuestionTunnel.useEffect (src/components/QuestionTunnel.tsx:50:5)
  26 |     setLoading(true);
  27 |     try {
> 28 |       const response = await fetch('http://localhost:8000/api/validate/questions', {
     |                              ^
  29 |         method: 'POST',
  30 |         headers: { 'Content-Type': 'application/json' },
  31 |         body: JSON.stringify({ idea, previous_answers: prevAnswers }), (src/components/QuestionTunnel.tsx:43:15)
